==> Loading args..
Namespace(dataset='mn40', split=1, bz=32, points=[1024, 512, 256, 128], stages=4, k=[95, 80, 100, 95], metric=2, rescale=0.8, surface='knnxyz', num_category=40, use_normals=True, process_data=True, use_uniform_sample=True)
==> Preparing model..
==> Preparing data..
The size of train data is 9843
Load processed data from dataloaders/data/modelnet40_normal_resampled/modelnet40_train_1024pts_fps.dat...
The size of test data is 2468
Load processed data from dataloaders/data/modelnet40_normal_resampled/modelnet40_test_1024pts_fps.dat...
==> Constructing Memory Bank from mn40 sets..

  0%|          | 0/307 [00:00<?, ?it/s]
  0%|          | 1/307 [00:00<05:05,  1.00it/s]
  1%|          | 3/307 [00:01<01:30,  3.37it/s]
  2%|▏         | 6/307 [00:01<00:43,  6.92it/s]
  3%|▎         | 9/307 [00:01<00:29, 10.02it/s]
  4%|▍         | 12/307 [00:01<00:23, 12.58it/s]
  5%|▍         | 15/307 [00:01<00:19, 14.63it/s]
  6%|▌         | 18/307 [00:01<00:17, 16.18it/s]
  7%|▋         | 21/307 [00:01<00:16, 17.38it/s]
  8%|▊         | 24/307 [00:02<00:15, 18.24it/s]
  9%|▉         | 27/307 [00:02<00:14, 18.85it/s]
 10%|▉         | 30/307 [00:02<00:14, 19.29it/s]
 11%|█         | 33/307 [00:02<00:13, 19.61it/s]
 12%|█▏        | 36/307 [00:02<00:13, 19.84it/s]
 13%|█▎        | 39/307 [00:02<00:13, 19.99it/s]
 14%|█▎        | 42/307 [00:03<00:13, 20.07it/s]
 15%|█▍        | 45/307 [00:03<00:12, 20.17it/s]
 16%|█▌        | 48/307 [00:03<00:12, 20.23it/s]
 17%|█▋        | 51/307 [00:03<00:12, 20.27it/s]
 18%|█▊        | 54/307 [00:03<00:12, 20.30it/s]
 19%|█▊        | 57/307 [00:03<00:12, 20.32it/s]
 20%|█▉        | 60/307 [00:03<00:12, 20.34it/s]
 21%|██        | 63/307 [00:04<00:11, 20.35it/s]
 21%|██▏       | 66/307 [00:04<00:11, 20.36it/s]
 22%|██▏       | 69/307 [00:04<00:11, 20.36it/s]
 23%|██▎       | 72/307 [00:04<00:11, 20.37it/s]
 24%|██▍       | 75/307 [00:04<00:11, 20.38it/s]
 25%|██▌       | 78/307 [00:04<00:11, 20.38it/s]
 26%|██▋       | 81/307 [00:04<00:11, 20.37it/s]
 27%|██▋       | 84/307 [00:05<00:10, 20.35it/s]
 28%|██▊       | 87/307 [00:05<00:10, 20.35it/s]
 29%|██▉       | 90/307 [00:05<00:10, 20.36it/s]
 30%|███       | 93/307 [00:05<00:10, 20.34it/s]
 31%|███▏      | 96/307 [00:05<00:10, 20.31it/s]
 32%|███▏      | 99/307 [00:05<00:10, 20.31it/s]
 33%|███▎      | 102/307 [00:05<00:10, 20.33it/s]
 34%|███▍      | 105/307 [00:06<00:09, 20.35it/s]
 35%|███▌      | 108/307 [00:06<00:09, 20.36it/s]
 36%|███▌      | 111/307 [00:06<00:09, 20.36it/s]
 37%|███▋      | 114/307 [00:06<00:09, 20.38it/s]
 38%|███▊      | 117/307 [00:06<00:09, 20.36it/s]
 39%|███▉      | 120/307 [00:06<00:09, 20.37it/s]
 40%|████      | 123/307 [00:06<00:09, 20.37it/s]
 41%|████      | 126/307 [00:07<00:08, 20.36it/s]
 42%|████▏     | 129/307 [00:07<00:08, 20.35it/s]
 43%|████▎     | 132/307 [00:07<00:08, 20.36it/s]
 44%|████▍     | 135/307 [00:07<00:08, 20.36it/s]
 45%|████▍     | 138/307 [00:07<00:08, 20.38it/s]
 46%|████▌     | 141/307 [00:07<00:08, 20.38it/s]
 47%|████▋     | 144/307 [00:08<00:07, 20.38it/s]
 48%|████▊     | 147/307 [00:08<00:07, 20.37it/s]
 49%|████▉     | 150/307 [00:08<00:07, 20.38it/s]
 50%|████▉     | 153/307 [00:08<00:07, 20.39it/s]
 51%|█████     | 156/307 [00:08<00:07, 20.39it/s]
 52%|█████▏    | 159/307 [00:08<00:07, 20.40it/s]
 53%|█████▎    | 162/307 [00:08<00:07, 20.40it/s]
 54%|█████▎    | 165/307 [00:09<00:06, 20.38it/s]
 55%|█████▍    | 168/307 [00:09<00:06, 20.36it/s]
 56%|█████▌    | 171/307 [00:09<00:06, 20.36it/s]
 57%|█████▋    | 174/307 [00:09<00:06, 20.37it/s]
 58%|█████▊    | 177/307 [00:09<00:06, 20.37it/s]
 59%|█████▊    | 180/307 [00:09<00:06, 20.37it/s]
 60%|█████▉    | 183/307 [00:09<00:06, 20.37it/s]
 61%|██████    | 186/307 [00:10<00:05, 20.38it/s]
 62%|██████▏   | 189/307 [00:10<00:05, 20.37it/s]
 63%|██████▎   | 192/307 [00:10<00:05, 20.37it/s]
 64%|██████▎   | 195/307 [00:10<00:05, 20.37it/s]
 64%|██████▍   | 198/307 [00:10<00:05, 20.38it/s]
 65%|██████▌   | 201/307 [00:10<00:05, 20.37it/s]
 66%|██████▋   | 204/307 [00:10<00:05, 20.36it/s]
 67%|██████▋   | 207/307 [00:11<00:04, 20.36it/s]
 68%|██████▊   | 210/307 [00:11<00:04, 20.36it/s]
 69%|██████▉   | 213/307 [00:11<00:04, 20.37it/s]
 70%|███████   | 216/307 [00:11<00:04, 20.36it/s]
 71%|███████▏  | 219/307 [00:11<00:04, 20.37it/s]
 72%|███████▏  | 222/307 [00:11<00:04, 20.40it/s]
 73%|███████▎  | 225/307 [00:11<00:04, 20.38it/s]
 74%|███████▍  | 228/307 [00:12<00:03, 20.39it/s]
 75%|███████▌  | 231/307 [00:12<00:03, 20.40it/s]
 76%|███████▌  | 234/307 [00:12<00:03, 20.39it/s]
 77%|███████▋  | 237/307 [00:12<00:03, 20.40it/s]
 78%|███████▊  | 240/307 [00:12<00:03, 20.41it/s]
 79%|███████▉  | 243/307 [00:12<00:03, 20.42it/s]
 80%|████████  | 246/307 [00:13<00:02, 20.40it/s]
 81%|████████  | 249/307 [00:13<00:02, 20.40it/s]
 82%|████████▏ | 252/307 [00:13<00:02, 20.38it/s]
 83%|████████▎ | 255/307 [00:13<00:02, 20.36it/s]
 84%|████████▍ | 258/307 [00:13<00:02, 20.38it/s]
 85%|████████▌ | 261/307 [00:13<00:02, 20.38it/s]
 86%|████████▌ | 264/307 [00:13<00:02, 20.38it/s]
 87%|████████▋ | 267/307 [00:14<00:01, 20.39it/s]
 88%|████████▊ | 270/307 [00:14<00:01, 20.41it/s]
 89%|████████▉ | 273/307 [00:14<00:01, 20.43it/s]
 90%|████████▉ | 276/307 [00:14<00:01, 20.41it/s]
 91%|█████████ | 279/307 [00:14<00:01, 20.41it/s]
 92%|█████████▏| 282/307 [00:14<00:01, 20.41it/s]
 93%|█████████▎| 285/307 [00:14<00:01, 20.39it/s]
 94%|█████████▍| 288/307 [00:15<00:00, 20.41it/s]
 95%|█████████▍| 291/307 [00:15<00:00, 20.42it/s]
 96%|█████████▌| 294/307 [00:15<00:00, 20.42it/s]
 97%|█████████▋| 297/307 [00:15<00:00, 20.43it/s]
 98%|█████████▊| 300/307 [00:15<00:00, 20.45it/s]
 99%|█████████▊| 303/307 [00:15<00:00, 20.46it/s]
100%|█████████▉| 306/307 [00:15<00:00, 20.46it/s]
100%|██████████| 307/307 [00:16<00:00, 19.15it/s]
==> Constructing Memory Bank from mn40 sets..

  0%|          | 0/78 [00:00<?, ?it/s]
  1%|▏         | 1/78 [00:00<00:10,  7.35it/s]
  5%|▌         | 4/78 [00:00<00:04, 15.26it/s]
  9%|▉         | 7/78 [00:00<00:04, 17.73it/s]
 13%|█▎        | 10/78 [00:00<00:03, 18.78it/s]
 15%|█▌        | 12/78 [00:00<00:03, 19.09it/s]
 19%|█▉        | 15/78 [00:00<00:03, 19.68it/s]
 23%|██▎       | 18/78 [00:00<00:03, 19.97it/s]
 27%|██▋       | 21/78 [00:01<00:02, 20.14it/s]
 31%|███       | 24/78 [00:01<00:02, 20.20it/s]
 35%|███▍      | 27/78 [00:01<00:02, 20.24it/s]
 38%|███▊      | 30/78 [00:01<00:02, 20.28it/s]
 42%|████▏     | 33/78 [00:01<00:02, 20.29it/s]
 46%|████▌     | 36/78 [00:01<00:02, 20.33it/s]
 50%|█████     | 39/78 [00:01<00:01, 20.36it/s]
 54%|█████▍    | 42/78 [00:02<00:01, 20.36it/s]
 58%|█████▊    | 45/78 [00:02<00:01, 20.38it/s]
 62%|██████▏   | 48/78 [00:02<00:01, 20.39it/s]
 65%|██████▌   | 51/78 [00:02<00:01, 20.40it/s]
 69%|██████▉   | 54/78 [00:02<00:01, 20.39it/s]
 73%|███████▎  | 57/78 [00:02<00:01, 20.40it/s]
 77%|███████▋  | 60/78 [00:03<00:00, 20.42it/s]
 81%|████████  | 63/78 [00:03<00:00, 20.43it/s]
 85%|████████▍ | 66/78 [00:03<00:00, 20.42it/s]
 88%|████████▊ | 69/78 [00:03<00:00, 20.40it/s]
 92%|█████████▏| 72/78 [00:03<00:00, 20.39it/s]
 96%|█████████▌| 75/78 [00:03<00:00, 20.38it/s]
100%|██████████| 78/78 [00:03<00:00, 21.89it/s]
100%|██████████| 78/78 [00:03<00:00, 20.01it/s]
Training labels shape: torch.Size([9824])
Training labels type: torch.int64
Training labels sample: tensor([0, 0, 0, 0, 0, 0, 0, 0, 0, 0], device='cuda:0')

Searching best gamma:   0%|          | 0/5000 [00:00<?, ?it/s]
Searching best gamma:   2%|▏         | 83/5000 [00:00<00:05, 828.35it/s]
Searching best gamma:   3%|▎         | 173/5000 [00:00<00:05, 868.04it/s]
Searching best gamma:   5%|▌         | 263/5000 [00:00<00:05, 881.33it/s]
Searching best gamma:   7%|▋         | 353/5000 [00:00<00:05, 887.74it/s]
Searching best gamma:   9%|▉         | 443/5000 [00:00<00:05, 891.43it/s]
Searching best gamma:  11%|█         | 533/5000 [00:00<00:04, 894.00it/s]
Searching best gamma:  12%|█▏        | 623/5000 [00:00<00:04, 895.73it/s]
Searching best gamma:  14%|█▍        | 713/5000 [00:00<00:04, 897.08it/s]
Searching best gamma:  16%|█▌        | 804/5000 [00:00<00:04, 898.11it/s]
Searching best gamma:  18%|█▊        | 895/5000 [00:01<00:04, 899.15it/s]
Searching best gamma:  20%|█▉        | 986/5000 [00:01<00:04, 900.03it/s]
Searching best gamma:  22%|██▏       | 1077/5000 [00:01<00:04, 900.53it/s]
Searching best gamma:  23%|██▎       | 1168/5000 [00:01<00:04, 900.88it/s]
Searching best gamma:  25%|██▌       | 1259/5000 [00:01<00:04, 901.18it/s]
Searching best gamma:  27%|██▋       | 1350/5000 [00:01<00:04, 901.27it/s]
Searching best gamma:  29%|██▉       | 1441/5000 [00:01<00:03, 901.55it/s]
Searching best gamma:  31%|███       | 1532/5000 [00:01<00:03, 901.83it/s]
Searching best gamma:  32%|███▏      | 1623/5000 [00:01<00:03, 902.04it/s]
Searching best gamma:  34%|███▍      | 1714/5000 [00:01<00:03, 902.44it/s]
Searching best gamma:  36%|███▌      | 1805/5000 [00:02<00:03, 902.97it/s]
Searching best gamma:  38%|███▊      | 1896/5000 [00:02<00:03, 903.14it/s]
Searching best gamma:  40%|███▉      | 1987/5000 [00:02<00:03, 903.51it/s]
Searching best gamma:  42%|████▏     | 2078/5000 [00:02<00:03, 903.76it/s]
Searching best gamma:  43%|████▎     | 2169/5000 [00:02<00:03, 903.73it/s]
Searching best gamma:  45%|████▌     | 2260/5000 [00:02<00:03, 904.00it/s]
Searching best gamma:  47%|████▋     | 2351/5000 [00:02<00:02, 903.67it/s]
Searching best gamma:  49%|████▉     | 2442/5000 [00:02<00:02, 903.91it/s]
Searching best gamma:  51%|█████     | 2533/5000 [00:02<00:02, 904.20it/s]
Searching best gamma:  52%|█████▏    | 2624/5000 [00:02<00:02, 904.27it/s]
Searching best gamma:  54%|█████▍    | 2715/5000 [00:03<00:02, 904.51it/s]
Searching best gamma:  56%|█████▌    | 2806/5000 [00:03<00:02, 904.98it/s]
Searching best gamma:  58%|█████▊    | 2897/5000 [00:03<00:02, 905.21it/s]
Searching best gamma:  60%|█████▉    | 2988/5000 [00:03<00:02, 905.48it/s]
Searching best gamma:  62%|██████▏   | 3079/5000 [00:03<00:02, 905.49it/s]
Searching best gamma:  63%|██████▎   | 3170/5000 [00:03<00:02, 905.67it/s]
Searching best gamma:  65%|██████▌   | 3261/5000 [00:03<00:01, 905.58it/s]
Searching best gamma:  67%|██████▋   | 3352/5000 [00:03<00:01, 905.74it/s]
Searching best gamma:  69%|██████▉   | 3443/5000 [00:03<00:01, 905.83it/s]
Searching best gamma:  71%|███████   | 3534/5000 [00:03<00:01, 905.80it/s]
Searching best gamma:  72%|███████▎  | 3625/5000 [00:04<00:01, 906.02it/s]
Searching best gamma:  74%|███████▍  | 3716/5000 [00:04<00:01, 906.15it/s]
Searching best gamma:  76%|███████▌  | 3807/5000 [00:04<00:01, 906.42it/s]
Searching best gamma:  78%|███████▊  | 3898/5000 [00:04<00:01, 907.10it/s]
Searching best gamma:  80%|███████▉  | 3989/5000 [00:04<00:01, 907.41it/s]
Searching best gamma:  82%|████████▏ | 4080/5000 [00:04<00:01, 907.61it/s]
Searching best gamma:  83%|████████▎ | 4171/5000 [00:04<00:00, 907.94it/s]
Searching best gamma:  85%|████████▌ | 4262/5000 [00:04<00:00, 908.34it/s]
Searching best gamma:  87%|████████▋ | 4353/5000 [00:04<00:00, 908.16it/s]
Searching best gamma:  89%|████████▉ | 4444/5000 [00:04<00:00, 908.09it/s]
Searching best gamma:  91%|█████████ | 4535/5000 [00:05<00:00, 908.10it/s]
Searching best gamma:  93%|█████████▎| 4626/5000 [00:05<00:00, 908.14it/s]
Searching best gamma:  94%|█████████▍| 4717/5000 [00:05<00:00, 908.51it/s]
Searching best gamma:  96%|█████████▌| 4808/5000 [00:05<00:00, 908.84it/s]
Searching best gamma:  98%|█████████▊| 4899/5000 [00:05<00:00, 909.13it/s]
Searching best gamma: 100%|█████████▉| 4990/5000 [00:05<00:00, 909.16it/s]
Searching best gamma: 100%|██████████| 5000/5000 [00:05<00:00, 903.06it/s]
classification accuracy: 73.9870 with best gamma=8628.0.
==> Constructing Memory Bank from mn40 sets..

  0%|          | 0/307 [00:00<?, ?it/s]
  0%|          | 1/307 [00:00<00:42,  7.13it/s]
  1%|          | 3/307 [00:00<00:22, 13.61it/s]
  2%|▏         | 6/307 [00:00<00:17, 17.13it/s]
  3%|▎         | 8/307 [00:00<00:16, 18.02it/s]
  4%|▎         | 11/307 [00:00<00:15, 19.02it/s]
  5%|▍         | 14/307 [00:00<00:14, 19.62it/s]
  6%|▌         | 17/307 [00:00<00:14, 19.91it/s]
  7%|▋         | 20/307 [00:01<00:14, 20.15it/s]
  7%|▋         | 23/307 [00:01<00:14, 20.25it/s]
  8%|▊         | 26/307 [00:01<00:13, 20.31it/s]
  9%|▉         | 29/307 [00:01<00:13, 20.34it/s]
 10%|█         | 32/307 [00:01<00:13, 20.36it/s]
 11%|█▏        | 35/307 [00:01<00:13, 20.38it/s]
 12%|█▏        | 38/307 [00:01<00:13, 20.38it/s]
 13%|█▎        | 41/307 [00:02<00:13, 20.39it/s]
 14%|█▍        | 44/307 [00:02<00:12, 20.36it/s]
 15%|█▌        | 47/307 [00:02<00:12, 20.36it/s]
 16%|█▋        | 50/307 [00:02<00:12, 20.37it/s]
 17%|█▋        | 53/307 [00:02<00:12, 20.37it/s]
 18%|█▊        | 56/307 [00:02<00:12, 20.39it/s]
 19%|█▉        | 59/307 [00:02<00:12, 20.40it/s]
 20%|██        | 62/307 [00:03<00:12, 20.39it/s]
 21%|██        | 65/307 [00:03<00:11, 20.41it/s]
 22%|██▏       | 68/307 [00:03<00:11, 20.43it/s]
 23%|██▎       | 71/307 [00:03<00:11, 20.42it/s]
 24%|██▍       | 74/307 [00:03<00:11, 20.43it/s]
 25%|██▌       | 77/307 [00:03<00:11, 20.44it/s]
 26%|██▌       | 80/307 [00:04<00:11, 20.45it/s]
 27%|██▋       | 83/307 [00:04<00:10, 20.42it/s]
 28%|██▊       | 86/307 [00:04<00:10, 20.39it/s]
 29%|██▉       | 89/307 [00:04<00:10, 20.39it/s]
 30%|██▉       | 92/307 [00:04<00:10, 20.37it/s]
 31%|███       | 95/307 [00:04<00:10, 20.37it/s]
 32%|███▏      | 98/307 [00:04<00:10, 20.40it/s]
 33%|███▎      | 101/307 [00:05<00:10, 20.39it/s]
 34%|███▍      | 104/307 [00:05<00:09, 20.41it/s]
 35%|███▍      | 107/307 [00:05<00:09, 20.43it/s]
 36%|███▌      | 110/307 [00:05<00:09, 20.44it/s]
 37%|███▋      | 113/307 [00:05<00:09, 20.42it/s]
 38%|███▊      | 116/307 [00:05<00:09, 20.43it/s]
 39%|███▉      | 119/307 [00:05<00:09, 20.44it/s]
 40%|███▉      | 122/307 [00:06<00:09, 20.42it/s]
 41%|████      | 125/307 [00:06<00:08, 20.42it/s]
 42%|████▏     | 128/307 [00:06<00:08, 20.41it/s]
 43%|████▎     | 131/307 [00:06<00:08, 20.38it/s]
 44%|████▎     | 134/307 [00:06<00:08, 20.40it/s]
 45%|████▍     | 137/307 [00:06<00:08, 20.41it/s]
 46%|████▌     | 140/307 [00:06<00:08, 20.42it/s]
 47%|████▋     | 143/307 [00:07<00:08, 20.41it/s]
 48%|████▊     | 146/307 [00:07<00:07, 20.41it/s]
 49%|████▊     | 149/307 [00:07<00:07, 20.43it/s]
 50%|████▉     | 152/307 [00:07<00:07, 20.41it/s]
 50%|█████     | 155/307 [00:07<00:07, 20.43it/s]
 51%|█████▏    | 158/307 [00:07<00:07, 20.44it/s]
 52%|█████▏    | 161/307 [00:07<00:07, 20.42it/s]
 53%|█████▎    | 164/307 [00:08<00:07, 20.42it/s]
 54%|█████▍    | 167/307 [00:08<00:06, 20.43it/s]
 55%|█████▌    | 170/307 [00:08<00:06, 20.41it/s]
 56%|█████▋    | 173/307 [00:08<00:06, 20.37it/s]
 57%|█████▋    | 176/307 [00:08<00:06, 20.39it/s]
 58%|█████▊    | 179/307 [00:08<00:06, 20.41it/s]
 59%|█████▉    | 182/307 [00:09<00:06, 20.40it/s]
 60%|██████    | 185/307 [00:09<00:05, 20.41it/s]
 61%|██████    | 188/307 [00:09<00:05, 20.42it/s]
 62%|██████▏   | 191/307 [00:09<00:05, 20.40it/s]
 63%|██████▎   | 194/307 [00:09<00:05, 20.41it/s]
 64%|██████▍   | 197/307 [00:09<00:05, 20.43it/s]
 65%|██████▌   | 200/307 [00:09<00:05, 20.44it/s]
 66%|██████▌   | 203/307 [00:10<00:05, 20.41it/s]
 67%|██████▋   | 206/307 [00:10<00:04, 20.42it/s]
 68%|██████▊   | 209/307 [00:10<00:04, 20.43it/s]
 69%|██████▉   | 212/307 [00:10<00:04, 20.39it/s]
 70%|███████   | 215/307 [00:10<00:04, 20.39it/s]
 71%|███████   | 218/307 [00:10<00:04, 20.40it/s]
 72%|███████▏  | 221/307 [00:10<00:04, 20.39it/s]
 73%|███████▎  | 224/307 [00:11<00:04, 20.41it/s]
 74%|███████▍  | 227/307 [00:11<00:03, 20.41it/s]
 75%|███████▍  | 230/307 [00:11<00:03, 20.42it/s]
 76%|███████▌  | 233/307 [00:11<00:03, 20.43it/s]
 77%|███████▋  | 236/307 [00:11<00:03, 20.44it/s]
 78%|███████▊  | 239/307 [00:11<00:03, 20.44it/s]
 79%|███████▉  | 242/307 [00:11<00:03, 20.45it/s]
 80%|███████▉  | 245/307 [00:12<00:03, 20.45it/s]
 81%|████████  | 248/307 [00:12<00:02, 20.45it/s]
 82%|████████▏ | 251/307 [00:12<00:02, 20.45it/s]
 83%|████████▎ | 254/307 [00:12<00:02, 20.42it/s]
 84%|████████▎ | 257/307 [00:12<00:02, 20.41it/s]
 85%|████████▍ | 260/307 [00:12<00:02, 20.42it/s]
 86%|████████▌ | 263/307 [00:12<00:02, 20.43it/s]
 87%|████████▋ | 266/307 [00:13<00:02, 20.44it/s]
 88%|████████▊ | 269/307 [00:13<00:01, 20.44it/s]
 89%|████████▊ | 272/307 [00:13<00:01, 20.45it/s]
 90%|████████▉ | 275/307 [00:13<00:01, 20.45it/s]
 91%|█████████ | 278/307 [00:13<00:01, 20.45it/s]
 92%|█████████▏| 281/307 [00:13<00:01, 20.45it/s]
 93%|█████████▎| 284/307 [00:14<00:01, 20.45it/s]
 93%|█████████▎| 287/307 [00:14<00:00, 20.45it/s]
 94%|█████████▍| 290/307 [00:14<00:00, 20.46it/s]
 95%|█████████▌| 293/307 [00:14<00:00, 20.47it/s]
 96%|█████████▋| 296/307 [00:14<00:00, 20.46it/s]
 97%|█████████▋| 299/307 [00:14<00:00, 20.45it/s]
 98%|█████████▊| 302/307 [00:14<00:00, 20.46it/s]
 99%|█████████▉| 305/307 [00:15<00:00, 20.46it/s]
100%|██████████| 307/307 [00:15<00:00, 20.27it/s]
==> Constructing Memory Bank from mn40 sets..

  0%|          | 0/78 [00:00<?, ?it/s]
  1%|▏         | 1/78 [00:00<00:10,  7.49it/s]
  5%|▌         | 4/78 [00:00<00:04, 15.33it/s]
  9%|▉         | 7/78 [00:00<00:04, 17.66it/s]
 13%|█▎        | 10/78 [00:00<00:03, 18.67it/s]
 17%|█▋        | 13/78 [00:00<00:03, 19.22it/s]
 21%|██        | 16/78 [00:00<00:03, 19.64it/s]
 24%|██▍       | 19/78 [00:01<00:02, 19.89it/s]
 28%|██▊       | 22/78 [00:01<00:02, 20.03it/s]
 32%|███▏      | 25/78 [00:01<00:02, 20.11it/s]
 36%|███▌      | 28/78 [00:01<00:02, 20.15it/s]
 40%|███▉      | 31/78 [00:01<00:02, 20.17it/s]
 44%|████▎     | 34/78 [00:01<00:02, 20.22it/s]
 47%|████▋     | 37/78 [00:01<00:02, 20.26it/s]
 51%|█████▏    | 40/78 [00:02<00:01, 20.29it/s]
 55%|█████▌    | 43/78 [00:02<00:01, 20.31it/s]
 59%|█████▉    | 46/78 [00:02<00:01, 20.33it/s]
 63%|██████▎   | 49/78 [00:02<00:01, 20.34it/s]
 67%|██████▋   | 52/78 [00:02<00:01, 20.35it/s]
 71%|███████   | 55/78 [00:02<00:01, 20.35it/s]
 74%|███████▍  | 58/78 [00:02<00:00, 20.36it/s]
 78%|███████▊  | 61/78 [00:03<00:00, 20.37it/s]
 82%|████████▏ | 64/78 [00:03<00:00, 20.38it/s]
 86%|████████▌ | 67/78 [00:03<00:00, 20.38it/s]
 90%|████████▉ | 70/78 [00:03<00:00, 20.38it/s]
 94%|█████████▎| 73/78 [00:03<00:00, 20.36it/s]
 97%|█████████▋| 76/78 [00:03<00:00, 20.37it/s]
100%|██████████| 78/78 [00:03<00:00, 19.99it/s]
Training labels shape: torch.Size([9824])
Training labels type: torch.int64
Training labels sample: tensor([0, 0, 0, 0, 0, 0, 0, 0, 0, 0], device='cuda:0')

Searching best gamma:   0%|          | 0/5000 [00:00<?, ?it/s]
Searching best gamma:   2%|▏         | 85/5000 [00:00<00:05, 848.88it/s]
Searching best gamma:   3%|▎         | 174/5000 [00:00<00:05, 871.98it/s]
Searching best gamma:   5%|▌         | 263/5000 [00:00<00:05, 879.65it/s]
Searching best gamma:   7%|▋         | 353/5000 [00:00<00:05, 884.87it/s]
Searching best gamma:   9%|▉         | 443/5000 [00:00<00:05, 888.56it/s]
Searching best gamma:  11%|█         | 533/5000 [00:00<00:05, 890.67it/s]
Searching best gamma:  12%|█▏        | 623/5000 [00:00<00:04, 892.03it/s]
Searching best gamma:  14%|█▍        | 713/5000 [00:00<00:04, 893.21it/s]
Searching best gamma:  16%|█▌        | 803/5000 [00:00<00:04, 894.28it/s]
Searching best gamma:  18%|█▊        | 893/5000 [00:01<00:04, 895.08it/s]
Searching best gamma:  20%|█▉        | 983/5000 [00:01<00:04, 895.81it/s]
Searching best gamma:  21%|██▏       | 1073/5000 [00:01<00:04, 896.36it/s]
Searching best gamma:  23%|██▎       | 1163/5000 [00:01<00:04, 896.98it/s]
Searching best gamma:  25%|██▌       | 1253/5000 [00:01<00:04, 897.42it/s]
Searching best gamma:  27%|██▋       | 1343/5000 [00:01<00:04, 897.93it/s]
Searching best gamma:  29%|██▊       | 1433/5000 [00:01<00:03, 898.36it/s]
Searching best gamma:  30%|███       | 1523/5000 [00:01<00:03, 898.41it/s]
Searching best gamma:  32%|███▏      | 1613/5000 [00:01<00:03, 898.74it/s]
Searching best gamma:  34%|███▍      | 1703/5000 [00:01<00:03, 899.06it/s]
Searching best gamma:  36%|███▌      | 1794/5000 [00:02<00:03, 899.33it/s]
Searching best gamma:  38%|███▊      | 1885/5000 [00:02<00:03, 899.66it/s]
Searching best gamma:  40%|███▉      | 1976/5000 [00:02<00:03, 899.96it/s]
Searching best gamma:  41%|████▏     | 2067/5000 [00:02<00:03, 900.31it/s]
Searching best gamma:  43%|████▎     | 2158/5000 [00:02<00:03, 900.42it/s]
Searching best gamma:  45%|████▍     | 2249/5000 [00:02<00:03, 900.68it/s]
Searching best gamma:  47%|████▋     | 2340/5000 [00:02<00:02, 900.83it/s]
Searching best gamma:  49%|████▊     | 2431/5000 [00:02<00:02, 900.99it/s]
Searching best gamma:  50%|█████     | 2522/5000 [00:02<00:02, 901.29it/s]
Searching best gamma:  52%|█████▏    | 2613/5000 [00:02<00:02, 901.45it/s]
Searching best gamma:  54%|█████▍    | 2704/5000 [00:03<00:02, 901.52it/s]
Searching best gamma:  56%|█████▌    | 2795/5000 [00:03<00:02, 901.84it/s]
Searching best gamma:  58%|█████▊    | 2886/5000 [00:03<00:02, 902.01it/s]
Searching best gamma:  60%|█████▉    | 2977/5000 [00:03<00:02, 901.91it/s]
Searching best gamma:  61%|██████▏   | 3068/5000 [00:03<00:02, 901.67it/s]
Searching best gamma:  63%|██████▎   | 3159/5000 [00:03<00:02, 901.89it/s]
Searching best gamma:  65%|██████▌   | 3250/5000 [00:03<00:01, 901.93it/s]
Searching best gamma:  67%|██████▋   | 3341/5000 [00:03<00:01, 902.23it/s]
Searching best gamma:  69%|██████▊   | 3432/5000 [00:03<00:01, 902.02it/s]
Searching best gamma:  70%|███████   | 3523/5000 [00:03<00:01, 902.21it/s]
Searching best gamma:  72%|███████▏  | 3614/5000 [00:04<00:01, 902.62it/s]
Searching best gamma:  74%|███████▍  | 3705/5000 [00:04<00:01, 902.92it/s]
Searching best gamma:  76%|███████▌  | 3796/5000 [00:04<00:01, 903.35it/s]
Searching best gamma:  78%|███████▊  | 3887/5000 [00:04<00:01, 903.86it/s]
Searching best gamma:  80%|███████▉  | 3978/5000 [00:04<00:01, 903.91it/s]
Searching best gamma:  81%|████████▏ | 4069/5000 [00:04<00:01, 904.34it/s]
Searching best gamma:  83%|████████▎ | 4160/5000 [00:04<00:00, 904.57it/s]
Searching best gamma:  85%|████████▌ | 4251/5000 [00:04<00:00, 904.82it/s]
Searching best gamma:  87%|████████▋ | 4342/5000 [00:04<00:00, 903.26it/s]
Searching best gamma:  89%|████████▊ | 4433/5000 [00:04<00:00, 903.78it/s]
Searching best gamma:  90%|█████████ | 4524/5000 [00:05<00:00, 904.37it/s]
Searching best gamma:  92%|█████████▏| 4615/5000 [00:05<00:00, 904.96it/s]
Searching best gamma:  94%|█████████▍| 4706/5000 [00:05<00:00, 905.13it/s]
Searching best gamma:  96%|█████████▌| 4797/5000 [00:05<00:00, 905.18it/s]
Searching best gamma:  98%|█████████▊| 4888/5000 [00:05<00:00, 905.48it/s]
Searching best gamma: 100%|█████████▉| 4979/5000 [00:05<00:00, 905.58it/s]
Searching best gamma: 100%|██████████| 5000/5000 [00:05<00:00, 899.80it/s]
classification accuracy: 74.0276 with best gamma=7192.0.
==> Constructing Memory Bank from mn40 sets..

  0%|          | 0/307 [00:00<?, ?it/s]
  0%|          | 1/307 [00:00<00:40,  7.49it/s]
  1%|▏         | 4/307 [00:00<00:19, 15.26it/s]
  2%|▏         | 7/307 [00:00<00:16, 17.66it/s]
  3%|▎         | 10/307 [00:00<00:15, 18.71it/s]
  4%|▍         | 13/307 [00:00<00:15, 19.24it/s]
  5%|▌         | 16/307 [00:00<00:14, 19.69it/s]
  6%|▌         | 19/307 [00:01<00:14, 19.93it/s]
  7%|▋         | 22/307 [00:01<00:14, 20.07it/s]
  8%|▊         | 25/307 [00:01<00:13, 20.16it/s]
  9%|▉         | 28/307 [00:01<00:13, 20.21it/s]
 10%|█         | 31/307 [00:01<00:13, 20.25it/s]
 11%|█         | 34/307 [00:01<00:13, 20.29it/s]
 12%|█▏        | 37/307 [00:01<00:13, 20.31it/s]
 13%|█▎        | 40/307 [00:02<00:13, 20.33it/s]
 14%|█▍        | 43/307 [00:02<00:12, 20.33it/s]
 15%|█▍        | 46/307 [00:02<00:12, 20.33it/s]
 16%|█▌        | 49/307 [00:02<00:12, 20.26it/s]
 17%|█▋        | 52/307 [00:02<00:12, 20.27it/s]
 18%|█▊        | 55/307 [00:02<00:12, 20.29it/s]
 19%|█▉        | 58/307 [00:02<00:12, 20.31it/s]
 20%|█▉        | 61/307 [00:03<00:12, 20.33it/s]
 21%|██        | 64/307 [00:03<00:11, 20.33it/s]
 22%|██▏       | 67/307 [00:03<00:11, 20.34it/s]
 23%|██▎       | 70/307 [00:03<00:11, 20.34it/s]
 24%|██▍       | 73/307 [00:03<00:11, 20.35it/s]
 25%|██▍       | 76/307 [00:03<00:11, 20.36it/s]
 26%|██▌       | 79/307 [00:03<00:11, 20.35it/s]
 27%|██▋       | 82/307 [00:04<00:11, 20.35it/s]
 28%|██▊       | 85/307 [00:04<00:10, 20.35it/s]
 29%|██▊       | 88/307 [00:04<00:10, 20.35it/s]
 30%|██▉       | 91/307 [00:04<00:10, 20.31it/s]
 31%|███       | 94/307 [00:04<00:10, 20.32it/s]
 32%|███▏      | 97/307 [00:04<00:10, 20.33it/s]
 33%|███▎      | 100/307 [00:05<00:10, 20.33it/s]
 34%|███▎      | 103/307 [00:05<00:10, 20.34it/s]
 35%|███▍      | 106/307 [00:05<00:09, 20.33it/s]
 36%|███▌      | 109/307 [00:05<00:09, 20.34it/s]
 36%|███▋      | 112/307 [00:05<00:09, 20.35it/s]
 37%|███▋      | 115/307 [00:05<00:09, 20.34it/s]
 38%|███▊      | 118/307 [00:05<00:09, 20.34it/s]
 39%|███▉      | 121/307 [00:06<00:09, 20.35it/s]
 40%|████      | 124/307 [00:06<00:08, 20.35it/s]
 41%|████▏     | 127/307 [00:06<00:08, 20.35it/s]
 42%|████▏     | 130/307 [00:06<00:08, 20.34it/s]
 43%|████▎     | 133/307 [00:06<00:08, 20.32it/s]
 44%|████▍     | 136/307 [00:06<00:08, 20.33it/s]
 45%|████▌     | 139/307 [00:06<00:08, 20.33it/s]
 46%|████▋     | 142/307 [00:07<00:08, 20.33it/s]
 47%|████▋     | 145/307 [00:07<00:07, 20.34it/s]
 48%|████▊     | 148/307 [00:07<00:07, 20.34it/s]
 49%|████▉     | 151/307 [00:07<00:07, 20.35it/s]
 50%|█████     | 154/307 [00:07<00:07, 20.34it/s]
 51%|█████     | 157/307 [00:07<00:07, 20.35it/s]
 52%|█████▏    | 160/307 [00:07<00:07, 20.35it/s]
 53%|█████▎    | 163/307 [00:08<00:07, 20.35it/s]
 54%|█████▍    | 166/307 [00:08<00:06, 20.34it/s]
 55%|█████▌    | 169/307 [00:08<00:06, 20.34it/s]
 56%|█████▌    | 172/307 [00:08<00:06, 20.34it/s]
 57%|█████▋    | 175/307 [00:08<00:06, 20.31it/s]
 58%|█████▊    | 178/307 [00:08<00:06, 20.30it/s]
 59%|█████▉    | 181/307 [00:08<00:06, 20.31it/s]
 60%|█████▉    | 184/307 [00:09<00:06, 20.32it/s]
 61%|██████    | 187/307 [00:09<00:05, 20.33it/s]
 62%|██████▏   | 190/307 [00:09<00:05, 20.34it/s]
 63%|██████▎   | 193/307 [00:09<00:05, 20.33it/s]
 64%|██████▍   | 196/307 [00:09<00:05, 20.34it/s]
 65%|██████▍   | 199/307 [00:09<00:05, 20.35it/s]
 66%|██████▌   | 202/307 [00:10<00:05, 20.34it/s]
 67%|██████▋   | 205/307 [00:10<00:05, 20.35it/s]
 68%|██████▊   | 208/307 [00:10<00:04, 20.35it/s]
 69%|██████▊   | 211/307 [00:10<00:04, 20.35it/s]
 70%|██████▉   | 214/307 [00:10<00:04, 20.34it/s]
 71%|███████   | 217/307 [00:10<00:04, 20.30it/s]
 72%|███████▏  | 220/307 [00:10<00:04, 20.31it/s]
 73%|███████▎  | 223/307 [00:11<00:04, 20.32it/s]
 74%|███████▎  | 226/307 [00:11<00:03, 20.33it/s]
 75%|███████▍  | 229/307 [00:11<00:03, 20.33it/s]
 76%|███████▌  | 232/307 [00:11<00:03, 20.34it/s]
 77%|███████▋  | 235/307 [00:11<00:03, 20.34it/s]
 78%|███████▊  | 238/307 [00:11<00:03, 20.34it/s]
 79%|███████▊  | 241/307 [00:11<00:03, 20.32it/s]
 79%|███████▉  | 244/307 [00:12<00:03, 20.33it/s]
 80%|████████  | 247/307 [00:12<00:02, 20.32it/s]
 81%|████████▏ | 250/307 [00:12<00:02, 20.33it/s]
 82%|████████▏ | 253/307 [00:12<00:02, 20.33it/s]
 83%|████████▎ | 256/307 [00:12<00:02, 20.32it/s]
 84%|████████▍ | 259/307 [00:12<00:02, 20.29it/s]
 85%|████████▌ | 262/307 [00:12<00:02, 20.31it/s]
 86%|████████▋ | 265/307 [00:13<00:02, 20.31it/s]
 87%|████████▋ | 268/307 [00:13<00:01, 20.32it/s]
 88%|████████▊ | 271/307 [00:13<00:01, 20.33it/s]
 89%|████████▉ | 274/307 [00:13<00:01, 20.34it/s]
 90%|█████████ | 277/307 [00:13<00:01, 20.33it/s]
 91%|█████████ | 280/307 [00:13<00:01, 20.32it/s]
 92%|█████████▏| 283/307 [00:14<00:01, 20.32it/s]
 93%|█████████▎| 286/307 [00:14<00:01, 20.33it/s]
 94%|█████████▍| 289/307 [00:14<00:00, 20.34it/s]
 95%|█████████▌| 292/307 [00:14<00:00, 20.35it/s]
 96%|█████████▌| 295/307 [00:14<00:00, 20.36it/s]
 97%|█████████▋| 298/307 [00:14<00:00, 20.36it/s]
 98%|█████████▊| 301/307 [00:14<00:00, 20.33it/s]
 99%|█████████▉| 304/307 [00:15<00:00, 20.31it/s]
100%|██████████| 307/307 [00:15<00:00, 20.32it/s]
100%|██████████| 307/307 [00:15<00:00, 20.19it/s]
==> Constructing Memory Bank from mn40 sets..

  0%|          | 0/78 [00:00<?, ?it/s]
  1%|▏         | 1/78 [00:00<00:10,  7.60it/s]
  5%|▌         | 4/78 [00:00<00:04, 15.43it/s]
  9%|▉         | 7/78 [00:00<00:03, 17.81it/s]
 13%|█▎        | 10/78 [00:00<00:03, 18.77it/s]
 15%|█▌        | 12/78 [00:00<00:03, 19.09it/s]
 19%|█▉        | 15/78 [00:00<00:03, 19.62it/s]
 23%|██▎       | 18/78 [00:00<00:03, 19.93it/s]
 27%|██▋       | 21/78 [00:01<00:02, 20.06it/s]
 31%|███       | 24/78 [00:01<00:02, 20.14it/s]
 35%|███▍      | 27/78 [00:01<00:02, 20.18it/s]
 38%|███▊      | 30/78 [00:01<00:02, 20.22it/s]
 42%|████▏     | 33/78 [00:01<00:02, 20.20it/s]
 46%|████▌     | 36/78 [00:01<00:02, 20.20it/s]
 50%|█████     | 39/78 [00:02<00:01, 20.24it/s]
 54%|█████▍    | 42/78 [00:02<00:01, 20.25it/s]
 58%|█████▊    | 45/78 [00:02<00:01, 20.25it/s]
 62%|██████▏   | 48/78 [00:02<00:01, 20.25it/s]
 65%|██████▌   | 51/78 [00:02<00:01, 20.26it/s]
 69%|██████▉   | 54/78 [00:02<00:01, 20.27it/s]
 73%|███████▎  | 57/78 [00:02<00:01, 20.24it/s]
 77%|███████▋  | 60/78 [00:03<00:00, 20.25it/s]
 81%|████████  | 63/78 [00:03<00:00, 20.27it/s]
 85%|████████▍ | 66/78 [00:03<00:00, 20.28it/s]
 88%|████████▊ | 69/78 [00:03<00:00, 20.30it/s]
 92%|█████████▏| 72/78 [00:03<00:00, 20.31it/s]
 96%|█████████▌| 75/78 [00:03<00:00, 20.26it/s]
100%|██████████| 78/78 [00:03<00:00, 21.82it/s]
100%|██████████| 78/78 [00:03<00:00, 19.96it/s]
Training labels shape: torch.Size([9824])
Training labels type: torch.int64
Training labels sample: tensor([0, 0, 0, 0, 0, 0, 0, 0, 0, 0], device='cuda:0')

Searching best gamma:   0%|          | 0/5000 [00:00<?, ?it/s]
Searching best gamma:   2%|▏         | 85/5000 [00:00<00:05, 845.32it/s]
Searching best gamma:   3%|▎         | 174/5000 [00:00<00:05, 867.87it/s]
Searching best gamma:   5%|▌         | 263/5000 [00:00<00:05, 875.97it/s]
Searching best gamma:   7%|▋         | 352/5000 [00:00<00:05, 881.25it/s]
Searching best gamma:   9%|▉         | 442/5000 [00:00<00:05, 884.65it/s]
Searching best gamma:  11%|█         | 532/5000 [00:00<00:05, 886.63it/s]
Searching best gamma:  12%|█▏        | 622/5000 [00:00<00:04, 887.81it/s]
Searching best gamma:  14%|█▍        | 712/5000 [00:00<00:04, 888.72it/s]
Searching best gamma:  16%|█▌        | 802/5000 [00:00<00:04, 889.59it/s]
Searching best gamma:  18%|█▊        | 892/5000 [00:01<00:04, 890.55it/s]
Searching best gamma:  20%|█▉        | 982/5000 [00:01<00:04, 891.15it/s]
Searching best gamma:  21%|██▏       | 1072/5000 [00:01<00:04, 891.74it/s]
Searching best gamma:  23%|██▎       | 1162/5000 [00:01<00:04, 892.42it/s]
Searching best gamma:  25%|██▌       | 1252/5000 [00:01<00:04, 892.91it/s]
Searching best gamma:  27%|██▋       | 1342/5000 [00:01<00:04, 893.16it/s]
Searching best gamma:  29%|██▊       | 1432/5000 [00:01<00:03, 893.64it/s]
Searching best gamma:  30%|███       | 1522/5000 [00:01<00:03, 894.20it/s]
Searching best gamma:  32%|███▏      | 1612/5000 [00:01<00:03, 894.40it/s]
Searching best gamma:  34%|███▍      | 1702/5000 [00:01<00:03, 894.29it/s]
Searching best gamma:  36%|███▌      | 1792/5000 [00:02<00:03, 894.79it/s]
Searching best gamma:  38%|███▊      | 1882/5000 [00:02<00:03, 895.47it/s]
Searching best gamma:  39%|███▉      | 1972/5000 [00:02<00:03, 896.01it/s]
Searching best gamma:  41%|████      | 2062/5000 [00:02<00:03, 896.33it/s]
Searching best gamma:  43%|████▎     | 2152/5000 [00:02<00:03, 896.66it/s]
Searching best gamma:  45%|████▍     | 2242/5000 [00:02<00:03, 896.91it/s]
Searching best gamma:  47%|████▋     | 2332/5000 [00:02<00:02, 897.20it/s]
Searching best gamma:  48%|████▊     | 2422/5000 [00:02<00:02, 897.51it/s]
Searching best gamma:  50%|█████     | 2512/5000 [00:02<00:02, 897.72it/s]
Searching best gamma:  52%|█████▏    | 2602/5000 [00:02<00:02, 897.82it/s]
Searching best gamma:  54%|█████▍    | 2692/5000 [00:03<00:02, 897.88it/s]
Searching best gamma:  56%|█████▌    | 2782/5000 [00:03<00:02, 897.98it/s]
Searching best gamma:  57%|█████▋    | 2872/5000 [00:03<00:02, 898.31it/s]
Searching best gamma:  59%|█████▉    | 2962/5000 [00:03<00:02, 898.70it/s]
Searching best gamma:  61%|██████    | 3052/5000 [00:03<00:02, 899.03it/s]
Searching best gamma:  63%|██████▎   | 3142/5000 [00:03<00:02, 899.30it/s]
Searching best gamma:  65%|██████▍   | 3233/5000 [00:03<00:01, 899.74it/s]
Searching best gamma:  66%|██████▋   | 3323/5000 [00:03<00:01, 899.57it/s]
Searching best gamma:  68%|██████▊   | 3413/5000 [00:03<00:01, 899.49it/s]
Searching best gamma:  70%|███████   | 3503/5000 [00:03<00:01, 898.81it/s]
Searching best gamma:  72%|███████▏  | 3594/5000 [00:04<00:01, 899.21it/s]
Searching best gamma:  74%|███████▎  | 3685/5000 [00:04<00:01, 899.83it/s]
Searching best gamma:  76%|███████▌  | 3776/5000 [00:04<00:01, 900.35it/s]
Searching best gamma:  77%|███████▋  | 3867/5000 [00:04<00:01, 900.62it/s]
Searching best gamma:  79%|███████▉  | 3958/5000 [00:04<00:01, 900.65it/s]
Searching best gamma:  81%|████████  | 4049/5000 [00:04<00:01, 900.89it/s]
Searching best gamma:  83%|████████▎ | 4140/5000 [00:04<00:00, 901.22it/s]
Searching best gamma:  85%|████████▍ | 4231/5000 [00:04<00:00, 899.05it/s]
Searching best gamma:  86%|████████▋ | 4322/5000 [00:04<00:00, 899.90it/s]
Searching best gamma:  88%|████████▊ | 4413/5000 [00:04<00:00, 900.48it/s]
Searching best gamma:  90%|█████████ | 4504/5000 [00:05<00:00, 900.86it/s]
Searching best gamma:  92%|█████████▏| 4595/5000 [00:05<00:00, 900.97it/s]
Searching best gamma:  94%|█████████▎| 4686/5000 [00:05<00:00, 901.24it/s]
Searching best gamma:  96%|█████████▌| 4777/5000 [00:05<00:00, 901.48it/s]
Searching best gamma:  97%|█████████▋| 4868/5000 [00:05<00:00, 902.13it/s]
Searching best gamma:  99%|█████████▉| 4959/5000 [00:05<00:00, 902.26it/s]
Searching best gamma: 100%|██████████| 5000/5000 [00:05<00:00, 896.07it/s]
classification accuracy: 73.9465 with best gamma=7186.0.
==> Constructing Memory Bank from mn40 sets..

  0%|          | 0/307 [00:00<?, ?it/s]
  0%|          | 1/307 [00:00<00:40,  7.48it/s]
  1%|▏         | 4/307 [00:00<00:19, 15.45it/s]
  2%|▏         | 7/307 [00:00<00:16, 17.81it/s]
  3%|▎         | 10/307 [00:00<00:15, 18.82it/s]
  4%|▍         | 13/307 [00:00<00:15, 19.42it/s]
  5%|▌         | 16/307 [00:00<00:14, 19.85it/s]
  6%|▌         | 19/307 [00:01<00:14, 20.13it/s]
  7%|▋         | 22/307 [00:01<00:14, 20.25it/s]
  8%|▊         | 25/307 [00:01<00:13, 20.28it/s]
  9%|▉         | 28/307 [00:01<00:13, 20.36it/s]
 10%|█         | 31/307 [00:01<00:13, 20.41it/s]
 11%|█         | 34/307 [00:01<00:13, 20.43it/s]
 12%|█▏        | 37/307 [00:01<00:13, 20.45it/s]
 13%|█▎        | 40/307 [00:02<00:13, 20.47it/s]
 14%|█▍        | 43/307 [00:02<00:12, 20.47it/s]
 15%|█▍        | 46/307 [00:02<00:12, 20.49it/s]
 16%|█▌        | 49/307 [00:02<00:12, 20.46it/s]
 17%|█▋        | 52/307 [00:02<00:12, 20.42it/s]
 18%|█▊        | 55/307 [00:02<00:12, 20.45it/s]
 19%|█▉        | 58/307 [00:02<00:12, 20.46it/s]
 20%|█▉        | 61/307 [00:03<00:12, 20.47it/s]
 21%|██        | 64/307 [00:03<00:11, 20.50it/s]
 22%|██▏       | 67/307 [00:03<00:11, 20.51it/s]
 23%|██▎       | 70/307 [00:03<00:11, 20.51it/s]
 24%|██▍       | 73/307 [00:03<00:11, 20.51it/s]
 25%|██▍       | 76/307 [00:03<00:11, 20.51it/s]
 26%|██▌       | 79/307 [00:03<00:11, 20.52it/s]
 27%|██▋       | 82/307 [00:04<00:10, 20.50it/s]
 28%|██▊       | 85/307 [00:04<00:10, 20.50it/s]
 29%|██▊       | 88/307 [00:04<00:10, 20.50it/s]
 30%|██▉       | 91/307 [00:04<00:10, 20.47it/s]
 31%|███       | 94/307 [00:04<00:10, 20.47it/s]
 32%|███▏      | 97/307 [00:04<00:10, 20.48it/s]
 33%|███▎      | 100/307 [00:04<00:10, 20.47it/s]
 34%|███▎      | 103/307 [00:05<00:09, 20.48it/s]
 35%|███▍      | 106/307 [00:05<00:09, 20.47it/s]
 36%|███▌      | 109/307 [00:05<00:09, 20.46it/s]
 36%|███▋      | 112/307 [00:05<00:09, 20.48it/s]
 37%|███▋      | 115/307 [00:05<00:09, 20.49it/s]
 38%|███▊      | 118/307 [00:05<00:09, 20.47it/s]
 39%|███▉      | 121/307 [00:05<00:09, 20.48it/s]
 40%|████      | 124/307 [00:06<00:08, 20.49it/s]
 41%|████▏     | 127/307 [00:06<00:08, 20.48it/s]
 42%|████▏     | 130/307 [00:06<00:08, 20.49it/s]
 43%|████▎     | 133/307 [00:06<00:08, 20.46it/s]
 44%|████▍     | 136/307 [00:06<00:08, 20.43it/s]
 45%|████▌     | 139/307 [00:06<00:08, 20.45it/s]
 46%|████▋     | 142/307 [00:07<00:08, 20.45it/s]
 47%|████▋     | 145/307 [00:07<00:07, 20.44it/s]
 48%|████▊     | 148/307 [00:07<00:07, 20.46it/s]
 49%|████▉     | 151/307 [00:07<00:07, 20.46it/s]
 50%|█████     | 154/307 [00:07<00:07, 20.45it/s]
 51%|█████     | 157/307 [00:07<00:07, 20.47it/s]
 52%|█████▏    | 160/307 [00:07<00:07, 20.47it/s]
 53%|█████▎    | 163/307 [00:08<00:07, 20.46it/s]
 54%|█████▍    | 166/307 [00:08<00:06, 20.47it/s]
 55%|█████▌    | 169/307 [00:08<00:06, 20.48it/s]
 56%|█████▌    | 172/307 [00:08<00:06, 20.48it/s]
 57%|█████▋    | 175/307 [00:08<00:06, 20.48it/s]
 58%|█████▊    | 178/307 [00:08<00:06, 20.45it/s]
 59%|█████▉    | 181/307 [00:08<00:06, 20.44it/s]
 60%|█████▉    | 184/307 [00:09<00:06, 20.45it/s]
 61%|██████    | 187/307 [00:09<00:05, 20.47it/s]
 62%|██████▏   | 190/307 [00:09<00:05, 20.46it/s]
 63%|██████▎   | 193/307 [00:09<00:05, 20.47it/s]
 64%|██████▍   | 196/307 [00:09<00:05, 20.48it/s]
 65%|██████▍   | 199/307 [00:09<00:05, 20.48it/s]
 66%|██████▌   | 202/307 [00:09<00:05, 20.49it/s]
 67%|██████▋   | 205/307 [00:10<00:04, 20.48it/s]
 68%|██████▊   | 208/307 [00:10<00:04, 20.48it/s]
 69%|██████▊   | 211/307 [00:10<00:04, 20.51it/s]
 70%|██████▉   | 214/307 [00:10<00:04, 20.49it/s]
 71%|███████   | 217/307 [00:10<00:04, 20.47it/s]
 72%|███████▏  | 220/307 [00:10<00:04, 20.46it/s]
 73%|███████▎  | 223/307 [00:10<00:04, 20.45it/s]
 74%|███████▎  | 226/307 [00:11<00:03, 20.45it/s]
 75%|███████▍  | 229/307 [00:11<00:03, 20.47it/s]
 76%|███████▌  | 232/307 [00:11<00:03, 20.45it/s]
 77%|███████▋  | 235/307 [00:11<00:03, 20.45it/s]
 78%|███████▊  | 238/307 [00:11<00:03, 20.48it/s]
 79%|███████▊  | 241/307 [00:11<00:03, 20.47it/s]
 79%|███████▉  | 244/307 [00:11<00:03, 20.47it/s]
 80%|████████  | 247/307 [00:12<00:02, 20.48it/s]
 81%|████████▏ | 250/307 [00:12<00:02, 20.47it/s]
 82%|████████▏ | 253/307 [00:12<00:02, 20.46it/s]
 83%|████████▎ | 256/307 [00:12<00:02, 20.47it/s]
 84%|████████▍ | 259/307 [00:12<00:02, 20.46it/s]
 85%|████████▌ | 262/307 [00:12<00:02, 20.43it/s]
 86%|████████▋ | 265/307 [00:13<00:02, 20.45it/s]
 87%|████████▋ | 268/307 [00:13<00:01, 20.45it/s]
 88%|████████▊ | 271/307 [00:13<00:01, 20.46it/s]
 89%|████████▉ | 274/307 [00:13<00:01, 20.48it/s]
 90%|█████████ | 277/307 [00:13<00:01, 20.47it/s]
 91%|█████████ | 280/307 [00:13<00:01, 20.47it/s]
 92%|█████████▏| 283/307 [00:13<00:01, 20.48it/s]
 93%|█████████▎| 286/307 [00:14<00:01, 20.47it/s]
 94%|█████████▍| 289/307 [00:14<00:00, 20.47it/s]
 95%|█████████▌| 292/307 [00:14<00:00, 20.50it/s]
 96%|█████████▌| 295/307 [00:14<00:00, 20.49it/s]
 97%|█████████▋| 298/307 [00:14<00:00, 20.49it/s]
 98%|█████████▊| 301/307 [00:14<00:00, 20.51it/s]
 99%|█████████▉| 304/307 [00:14<00:00, 20.48it/s]
100%|██████████| 307/307 [00:15<00:00, 20.49it/s]
100%|██████████| 307/307 [00:15<00:00, 20.34it/s]
==> Constructing Memory Bank from mn40 sets..

  0%|          | 0/78 [00:00<?, ?it/s]
  1%|▏         | 1/78 [00:00<00:10,  7.65it/s]
  5%|▌         | 4/78 [00:00<00:04, 15.55it/s]
  9%|▉         | 7/78 [00:00<00:03, 17.94it/s]
 13%|█▎        | 10/78 [00:00<00:03, 18.95it/s]
 17%|█▋        | 13/78 [00:00<00:03, 19.40it/s]
 21%|██        | 16/78 [00:00<00:03, 19.82it/s]
 24%|██▍       | 19/78 [00:01<00:02, 20.10it/s]
 28%|██▊       | 22/78 [00:01<00:02, 20.21it/s]
 32%|███▏      | 25/78 [00:01<00:02, 20.28it/s]
 36%|███▌      | 28/78 [00:01<00:02, 20.35it/s]
 40%|███▉      | 31/78 [00:01<00:02, 20.39it/s]
 44%|████▎     | 34/78 [00:01<00:02, 20.41it/s]
 47%|████▋     | 37/78 [00:01<00:02, 20.40it/s]
 51%|█████▏    | 40/78 [00:02<00:01, 20.42it/s]
 55%|█████▌    | 43/78 [00:02<00:01, 20.43it/s]
 59%|█████▉    | 46/78 [00:02<00:01, 20.45it/s]
 63%|██████▎   | 49/78 [00:02<00:01, 20.45it/s]
 67%|██████▋   | 52/78 [00:02<00:01, 20.45it/s]
 71%|███████   | 55/78 [00:02<00:01, 20.46it/s]
 74%|███████▍  | 58/78 [00:02<00:00, 20.47it/s]
 78%|███████▊  | 61/78 [00:03<00:00, 20.47it/s]
 82%|████████▏ | 64/78 [00:03<00:00, 20.50it/s]
 86%|████████▌ | 67/78 [00:03<00:00, 20.51it/s]
 90%|████████▉ | 70/78 [00:03<00:00, 20.53it/s]
 94%|█████████▎| 73/78 [00:03<00:00, 20.52it/s]
 97%|█████████▋| 76/78 [00:03<00:00, 20.53it/s]
100%|██████████| 78/78 [00:03<00:00, 20.15it/s]
Training labels shape: torch.Size([9824])
Training labels type: torch.int64
Training labels sample: tensor([0, 0, 0, 0, 0, 0, 0, 0, 0, 0], device='cuda:0')

Searching best gamma:   0%|          | 0/5000 [00:00<?, ?it/s]
Searching best gamma:   2%|▏         | 85/5000 [00:00<00:05, 844.13it/s]
Searching best gamma:   3%|▎         | 174/5000 [00:00<00:05, 867.78it/s]
Searching best gamma:   5%|▌         | 263/5000 [00:00<00:05, 876.37it/s]
Searching best gamma:   7%|▋         | 352/5000 [00:00<00:05, 881.31it/s]
Searching best gamma:   9%|▉         | 441/5000 [00:00<00:05, 884.22it/s]
Searching best gamma:  11%|█         | 530/5000 [00:00<00:05, 886.09it/s]
Searching best gamma:  12%|█▏        | 620/5000 [00:00<00:04, 887.49it/s]
Searching best gamma:  14%|█▍        | 710/5000 [00:00<00:04, 888.63it/s]
Searching best gamma:  16%|█▌        | 800/5000 [00:00<00:04, 889.65it/s]
Searching best gamma:  18%|█▊        | 890/5000 [00:01<00:04, 890.52it/s]
Searching best gamma:  20%|█▉        | 980/5000 [00:01<00:04, 891.22it/s]
Searching best gamma:  21%|██▏       | 1070/5000 [00:01<00:04, 891.34it/s]
Searching best gamma:  23%|██▎       | 1160/5000 [00:01<00:04, 891.42it/s]
Searching best gamma:  25%|██▌       | 1250/5000 [00:01<00:04, 891.91it/s]
Searching best gamma:  27%|██▋       | 1340/5000 [00:01<00:04, 892.49it/s]
Searching best gamma:  29%|██▊       | 1430/5000 [00:01<00:03, 893.05it/s]
Searching best gamma:  30%|███       | 1520/5000 [00:01<00:03, 893.27it/s]
Searching best gamma:  32%|███▏      | 1610/5000 [00:01<00:03, 893.63it/s]
Searching best gamma:  34%|███▍      | 1700/5000 [00:01<00:03, 893.99it/s]
Searching best gamma:  36%|███▌      | 1790/5000 [00:02<00:03, 894.35it/s]
Searching best gamma:  38%|███▊      | 1880/5000 [00:02<00:03, 894.29it/s]
Searching best gamma:  39%|███▉      | 1970/5000 [00:02<00:03, 894.63it/s]
Searching best gamma:  41%|████      | 2060/5000 [00:02<00:03, 895.04it/s]
Searching best gamma:  43%|████▎     | 2150/5000 [00:02<00:03, 895.42it/s]
Searching best gamma:  45%|████▍     | 2240/5000 [00:02<00:03, 895.36it/s]
Searching best gamma:  47%|████▋     | 2330/5000 [00:02<00:02, 895.60it/s]
Searching best gamma:  48%|████▊     | 2420/5000 [00:02<00:02, 895.96it/s]
Searching best gamma:  50%|█████     | 2510/5000 [00:02<00:02, 896.16it/s]
Searching best gamma:  52%|█████▏    | 2600/5000 [00:02<00:02, 896.36it/s]
Searching best gamma:  54%|█████▍    | 2690/5000 [00:03<00:02, 896.65it/s]
Searching best gamma:  56%|█████▌    | 2780/5000 [00:03<00:02, 896.81it/s]
Searching best gamma:  57%|█████▋    | 2870/5000 [00:03<00:02, 897.12it/s]
Searching best gamma:  59%|█████▉    | 2960/5000 [00:03<00:02, 897.31it/s]
Searching best gamma:  61%|██████    | 3050/5000 [00:03<00:02, 897.40it/s]
Searching best gamma:  63%|██████▎   | 3140/5000 [00:03<00:02, 897.50it/s]
Searching best gamma:  65%|██████▍   | 3230/5000 [00:03<00:01, 897.68it/s]
Searching best gamma:  66%|██████▋   | 3320/5000 [00:03<00:01, 897.71it/s]
Searching best gamma:  68%|██████▊   | 3410/5000 [00:03<00:01, 897.89it/s]
Searching best gamma:  70%|███████   | 3500/5000 [00:03<00:01, 898.47it/s]
Searching best gamma:  72%|███████▏  | 3590/5000 [00:04<00:01, 898.74it/s]
Searching best gamma:  74%|███████▎  | 3680/5000 [00:04<00:01, 898.86it/s]
Searching best gamma:  75%|███████▌  | 3770/5000 [00:04<00:01, 899.04it/s]
Searching best gamma:  77%|███████▋  | 3860/5000 [00:04<00:01, 899.20it/s]
Searching best gamma:  79%|███████▉  | 3950/5000 [00:04<00:01, 898.70it/s]
Searching best gamma:  81%|████████  | 4040/5000 [00:04<00:01, 898.76it/s]
Searching best gamma:  83%|████████▎ | 4130/5000 [00:04<00:00, 899.04it/s]
Searching best gamma:  84%|████████▍ | 4220/5000 [00:04<00:00, 897.49it/s]
Searching best gamma:  86%|████████▌ | 4311/5000 [00:04<00:00, 898.46it/s]
Searching best gamma:  88%|████████▊ | 4402/5000 [00:04<00:00, 899.25it/s]
Searching best gamma:  90%|████████▉ | 4493/5000 [00:05<00:00, 899.90it/s]
Searching best gamma:  92%|█████████▏| 4584/5000 [00:05<00:00, 900.37it/s]
Searching best gamma:  94%|█████████▎| 4675/5000 [00:05<00:00, 900.82it/s]
Searching best gamma:  95%|█████████▌| 4766/5000 [00:05<00:00, 900.96it/s]
Searching best gamma:  97%|█████████▋| 4857/5000 [00:05<00:00, 900.99it/s]
Searching best gamma:  99%|█████████▉| 4948/5000 [00:05<00:00, 900.86it/s]
Searching best gamma: 100%|██████████| 5000/5000 [00:05<00:00, 895.03it/s]
classification accuracy: 74.0681 with best gamma=7456.0.
