==> Starting Part Segmentation Stress Test on: ADD_GLOBAL

==================================================
Evaluating Surface: KNNXYZ
==================================================
--> Building Clean Memory Bank...

  0%|          | 0/110 [00:00<?, ?it/s]
  1%|          | 1/110 [00:00<01:42,  1.06it/s]
  2%|▏         | 2/110 [00:01<01:06,  1.61it/s]
  3%|▎         | 3/110 [00:01<00:55,  1.94it/s]
  4%|▎         | 4/110 [00:02<00:49,  2.15it/s]
  5%|▍         | 5/110 [00:02<00:45,  2.30it/s]
  5%|▌         | 6/110 [00:02<00:43,  2.39it/s]
  6%|▋         | 7/110 [00:03<00:41,  2.46it/s]
  7%|▋         | 8/110 [00:03<00:40,  2.50it/s]
  8%|▊         | 9/110 [00:04<00:39,  2.53it/s]
  9%|▉         | 10/110 [00:04<00:39,  2.55it/s]
 10%|█         | 11/110 [00:04<00:38,  2.56it/s]
 11%|█         | 12/110 [00:05<00:38,  2.57it/s]
 12%|█▏        | 13/110 [00:05<00:37,  2.58it/s]
 13%|█▎        | 14/110 [00:05<00:37,  2.59it/s]
 14%|█▎        | 15/110 [00:06<00:36,  2.60it/s]
 15%|█▍        | 16/110 [00:06<00:36,  2.60it/s]
 15%|█▌        | 17/110 [00:07<00:35,  2.60it/s]
 16%|█▋        | 18/110 [00:07<00:35,  2.61it/s]
 17%|█▋        | 19/110 [00:07<00:34,  2.63it/s]
 18%|█▊        | 20/110 [00:08<00:34,  2.62it/s]
 19%|█▉        | 21/110 [00:08<00:33,  2.62it/s]
 20%|██        | 22/110 [00:09<00:33,  2.61it/s]
 21%|██        | 23/110 [00:09<00:33,  2.60it/s]
 22%|██▏       | 24/110 [00:09<00:33,  2.60it/s]
 23%|██▎       | 25/110 [00:10<00:32,  2.60it/s]
 24%|██▎       | 26/110 [00:10<00:32,  2.61it/s]
 25%|██▍       | 27/110 [00:10<00:31,  2.61it/s]
 25%|██▌       | 28/110 [00:11<00:31,  2.62it/s]
 26%|██▋       | 29/110 [00:11<00:30,  2.62it/s]
 27%|██▋       | 30/110 [00:12<00:30,  2.63it/s]
 28%|██▊       | 31/110 [00:12<00:30,  2.63it/s]
 29%|██▉       | 32/110 [00:12<00:29,  2.63it/s]
 30%|███       | 33/110 [00:13<00:29,  2.62it/s]
 31%|███       | 34/110 [00:13<00:28,  2.63it/s]
 32%|███▏      | 35/110 [00:13<00:28,  2.63it/s]
 33%|███▎      | 36/110 [00:14<00:28,  2.63it/s]
 34%|███▎      | 37/110 [00:14<00:27,  2.63it/s]
 35%|███▍      | 38/110 [00:15<00:27,  2.63it/s]
 35%|███▌      | 39/110 [00:15<00:26,  2.63it/s]
 36%|███▋      | 40/110 [00:15<00:26,  2.63it/s]
 37%|███▋      | 41/110 [00:16<00:26,  2.64it/s]
 38%|███▊      | 42/110 [00:16<00:25,  2.64it/s]
 39%|███▉      | 43/110 [00:17<00:25,  2.64it/s]
 40%|████      | 44/110 [00:17<00:25,  2.64it/s]
 41%|████      | 45/110 [00:17<00:24,  2.64it/s]
 42%|████▏     | 46/110 [00:18<00:24,  2.64it/s]
 43%|████▎     | 47/110 [00:18<00:23,  2.64it/s]
 44%|████▎     | 48/110 [00:18<00:23,  2.64it/s]
 45%|████▍     | 49/110 [00:19<00:23,  2.64it/s]
 45%|████▌     | 50/110 [00:19<00:22,  2.64it/s]
 46%|████▋     | 51/110 [00:20<00:22,  2.65it/s]
 47%|████▋     | 52/110 [00:20<00:21,  2.65it/s]
 48%|████▊     | 53/110 [00:20<00:21,  2.65it/s]
 49%|████▉     | 54/110 [00:21<00:21,  2.65it/s]
 50%|█████     | 55/110 [00:21<00:20,  2.66it/s]
 51%|█████     | 56/110 [00:21<00:20,  2.67it/s]
 52%|█████▏    | 57/110 [00:22<00:19,  2.67it/s]
 53%|█████▎    | 58/110 [00:22<00:19,  2.66it/s]
 54%|█████▎    | 59/110 [00:23<00:19,  2.66it/s]
 55%|█████▍    | 60/110 [00:23<00:18,  2.65it/s]
 55%|█████▌    | 61/110 [00:23<00:18,  2.65it/s]
 56%|█████▋    | 62/110 [00:24<00:18,  2.65it/s]
 57%|█████▋    | 63/110 [00:24<00:17,  2.65it/s]
 58%|█████▊    | 64/110 [00:24<00:17,  2.65it/s]
 59%|█████▉    | 65/110 [00:25<00:16,  2.65it/s]
 60%|██████    | 66/110 [00:25<00:16,  2.65it/s]
 61%|██████    | 67/110 [00:26<00:16,  2.66it/s]
 62%|██████▏   | 68/110 [00:26<00:15,  2.67it/s]
 63%|██████▎   | 69/110 [00:26<00:15,  2.68it/s]
 64%|██████▎   | 70/110 [00:27<00:15,  2.65it/s]
 65%|██████▍   | 71/110 [00:27<00:14,  2.63it/s]
 65%|██████▌   | 72/110 [00:27<00:14,  2.65it/s]
 66%|██████▋   | 73/110 [00:28<00:13,  2.64it/s]
 67%|██████▋   | 74/110 [00:28<00:13,  2.65it/s]
 68%|██████▊   | 75/110 [00:29<00:13,  2.65it/s]
 69%|██████▉   | 76/110 [00:29<00:12,  2.66it/s]
 70%|███████   | 77/110 [00:29<00:12,  2.67it/s]
 71%|███████   | 78/110 [00:30<00:11,  2.67it/s]
 72%|███████▏  | 79/110 [00:30<00:11,  2.67it/s]
 73%|███████▎  | 80/110 [00:30<00:11,  2.67it/s]
 74%|███████▎  | 81/110 [00:31<00:10,  2.68it/s]
 75%|███████▍  | 82/110 [00:31<00:10,  2.67it/s]
 75%|███████▌  | 83/110 [00:32<00:10,  2.67it/s]
 76%|███████▋  | 84/110 [00:32<00:09,  2.67it/s]
 77%|███████▋  | 85/110 [00:32<00:09,  2.68it/s]
 78%|███████▊  | 86/110 [00:33<00:08,  2.68it/s]
 79%|███████▉  | 87/110 [00:33<00:08,  2.68it/s]
 80%|████████  | 88/110 [00:33<00:08,  2.68it/s]
 81%|████████  | 89/110 [00:34<00:07,  2.68it/s]
 82%|████████▏ | 90/110 [00:34<00:07,  2.68it/s]
 83%|████████▎ | 91/110 [00:35<00:07,  2.68it/s]
 84%|████████▎ | 92/110 [00:35<00:06,  2.68it/s]
 85%|████████▍ | 93/110 [00:35<00:06,  2.67it/s]
 85%|████████▌ | 94/110 [00:36<00:05,  2.68it/s]
 86%|████████▋ | 95/110 [00:36<00:05,  2.68it/s]
 87%|████████▋ | 96/110 [00:36<00:05,  2.69it/s]
 88%|████████▊ | 97/110 [00:37<00:04,  2.69it/s]
 89%|████████▉ | 98/110 [00:37<00:04,  2.69it/s]
 90%|█████████ | 99/110 [00:38<00:04,  2.69it/s]
 91%|█████████ | 100/110 [00:38<00:03,  2.69it/s]
 92%|█████████▏| 101/110 [00:38<00:03,  2.69it/s]
 93%|█████████▎| 102/110 [00:39<00:02,  2.69it/s]
 94%|█████████▎| 103/110 [00:39<00:02,  2.69it/s]
 95%|█████████▍| 104/110 [00:39<00:02,  2.69it/s]
 95%|█████████▌| 105/110 [00:40<00:01,  2.69it/s]
 96%|█████████▋| 106/110 [00:40<00:01,  2.69it/s]
 97%|█████████▋| 107/110 [00:41<00:01,  2.69it/s]
 98%|█████████▊| 108/110 [00:41<00:00,  2.69it/s]
 99%|█████████▉| 109/110 [00:41<00:00,  2.70it/s]
100%|██████████| 110/110 [00:41<00:00,  3.33it/s]
                                                 
--> Evaluating Clean Baseline and add_global levels...

  0%|          | 0/23 [00:00<?, ?it/s]
  4%|▍         | 1/23 [00:00<00:06,  3.25it/s]
  9%|▊         | 2/23 [00:00<00:05,  3.87it/s]
 13%|█▎        | 3/23 [00:00<00:04,  4.06it/s]
 17%|█▋        | 4/23 [00:00<00:04,  4.20it/s]
 22%|██▏       | 5/23 [00:01<00:04,  4.26it/s]
 26%|██▌       | 6/23 [00:01<00:03,  4.35it/s]
 30%|███       | 7/23 [00:01<00:03,  4.36it/s]
 35%|███▍      | 8/23 [00:01<00:03,  4.39it/s]
 39%|███▉      | 9/23 [00:02<00:03,  4.33it/s]
 43%|████▎     | 10/23 [00:02<00:02,  4.37it/s]
 48%|████▊     | 11/23 [00:02<00:02,  4.39it/s]
 52%|█████▏    | 12/23 [00:02<00:02,  4.40it/s]
 57%|█████▋    | 13/23 [00:03<00:02,  4.40it/s]
 61%|██████    | 14/23 [00:03<00:02,  4.39it/s]
 65%|██████▌   | 15/23 [00:03<00:01,  4.44it/s]
 70%|██████▉   | 16/23 [00:03<00:01,  4.42it/s]
 74%|███████▍  | 17/23 [00:03<00:01,  4.43it/s]
 78%|███████▊  | 18/23 [00:04<00:01,  4.42it/s]
 83%|████████▎ | 19/23 [00:04<00:00,  4.41it/s]
 87%|████████▋ | 20/23 [00:04<00:00,  4.38it/s]
 91%|█████████▏| 21/23 [00:04<00:00,  4.37it/s]
 96%|█████████▌| 22/23 [00:05<00:00,  4.39it/s]
100%|██████████| 23/23 [00:05<00:00,  5.22it/s]
                                               
    Clean (Sev_0): mIoU 62.78%

  0%|          | 0/23 [00:00<?, ?it/s]
  4%|▍         | 1/23 [00:00<00:06,  3.16it/s]
  9%|▊         | 2/23 [00:00<00:05,  3.82it/s]
 13%|█▎        | 3/23 [00:00<00:04,  4.03it/s]
 17%|█▋        | 4/23 [00:00<00:04,  4.19it/s]
 22%|██▏       | 5/23 [00:01<00:04,  4.27it/s]
 26%|██▌       | 6/23 [00:01<00:03,  4.36it/s]
 30%|███       | 7/23 [00:01<00:03,  4.37it/s]
 35%|███▍      | 8/23 [00:01<00:03,  4.40it/s]
 39%|███▉      | 9/23 [00:02<00:03,  4.33it/s]
 43%|████▎     | 10/23 [00:02<00:02,  4.39it/s]
 48%|████▊     | 11/23 [00:02<00:02,  4.40it/s]
 52%|█████▏    | 12/23 [00:02<00:02,  4.40it/s]
 57%|█████▋    | 13/23 [00:03<00:02,  4.40it/s]
 61%|██████    | 14/23 [00:03<00:02,  4.40it/s]
 65%|██████▌   | 15/23 [00:03<00:01,  4.44it/s]
 70%|██████▉   | 16/23 [00:03<00:01,  4.41it/s]
 74%|███████▍  | 17/23 [00:03<00:01,  4.43it/s]
 78%|███████▊  | 18/23 [00:04<00:01,  4.42it/s]
 83%|████████▎ | 19/23 [00:04<00:00,  4.41it/s]
 87%|████████▋ | 20/23 [00:04<00:00,  4.37it/s]
 91%|█████████▏| 21/23 [00:04<00:00,  4.37it/s]
 96%|█████████▌| 22/23 [00:05<00:00,  4.39it/s]
100%|██████████| 23/23 [00:05<00:00,  5.22it/s]
                                               
    Severity 1: mIoU 61.63%

  0%|          | 0/23 [00:00<?, ?it/s]
  4%|▍         | 1/23 [00:00<00:06,  3.16it/s]
  9%|▊         | 2/23 [00:00<00:05,  3.81it/s]
 13%|█▎        | 3/23 [00:00<00:04,  4.03it/s]
 17%|█▋        | 4/23 [00:00<00:04,  4.18it/s]
 22%|██▏       | 5/23 [00:01<00:04,  4.26it/s]
 26%|██▌       | 6/23 [00:01<00:03,  4.36it/s]
 30%|███       | 7/23 [00:01<00:03,  4.37it/s]
 35%|███▍      | 8/23 [00:01<00:03,  4.40it/s]
 39%|███▉      | 9/23 [00:02<00:03,  4.33it/s]
 43%|████▎     | 10/23 [00:02<00:02,  4.39it/s]
 48%|████▊     | 11/23 [00:02<00:02,  4.40it/s]
 52%|█████▏    | 12/23 [00:02<00:02,  4.40it/s]
 57%|█████▋    | 13/23 [00:03<00:02,  4.40it/s]
 61%|██████    | 14/23 [00:03<00:02,  4.40it/s]
 65%|██████▌   | 15/23 [00:03<00:01,  4.44it/s]
 70%|██████▉   | 16/23 [00:03<00:01,  4.42it/s]
 74%|███████▍  | 17/23 [00:03<00:01,  4.43it/s]
 78%|███████▊  | 18/23 [00:04<00:01,  4.42it/s]
 83%|████████▎ | 19/23 [00:04<00:00,  4.40it/s]
 87%|████████▋ | 20/23 [00:04<00:00,  4.37it/s]
 91%|█████████▏| 21/23 [00:04<00:00,  4.36it/s]
 96%|█████████▌| 22/23 [00:05<00:00,  4.39it/s]
100%|██████████| 23/23 [00:05<00:00,  5.21it/s]
                                               
    Severity 2: mIoU 60.67%

  0%|          | 0/23 [00:00<?, ?it/s]
  4%|▍         | 1/23 [00:00<00:06,  3.16it/s]
  9%|▊         | 2/23 [00:00<00:05,  3.81it/s]
 13%|█▎        | 3/23 [00:00<00:04,  4.02it/s]
 17%|█▋        | 4/23 [00:00<00:04,  4.17it/s]
 22%|██▏       | 5/23 [00:01<00:04,  4.24it/s]
 26%|██▌       | 6/23 [00:01<00:03,  4.34it/s]
 30%|███       | 7/23 [00:01<00:03,  4.36it/s]
 35%|███▍      | 8/23 [00:01<00:03,  4.38it/s]
 39%|███▉      | 9/23 [00:02<00:03,  4.33it/s]
 43%|████▎     | 10/23 [00:02<00:02,  4.38it/s]
 48%|████▊     | 11/23 [00:02<00:02,  4.39it/s]
 52%|█████▏    | 12/23 [00:02<00:02,  4.40it/s]
 57%|█████▋    | 13/23 [00:03<00:02,  4.39it/s]
 61%|██████    | 14/23 [00:03<00:02,  4.39it/s]
 65%|██████▌   | 15/23 [00:03<00:01,  4.44it/s]
 70%|██████▉   | 16/23 [00:03<00:01,  4.42it/s]
 74%|███████▍  | 17/23 [00:03<00:01,  4.42it/s]
 78%|███████▊  | 18/23 [00:04<00:01,  4.41it/s]
 83%|████████▎ | 19/23 [00:04<00:00,  4.40it/s]
 87%|████████▋ | 20/23 [00:04<00:00,  4.37it/s]
 91%|█████████▏| 21/23 [00:04<00:00,  4.36it/s]
 96%|█████████▌| 22/23 [00:05<00:00,  4.39it/s]
100%|██████████| 23/23 [00:05<00:00,  5.20it/s]
                                               
    Severity 3: mIoU 59.74%

  0%|          | 0/23 [00:00<?, ?it/s]
  4%|▍         | 1/23 [00:00<00:07,  3.12it/s]
  9%|▊         | 2/23 [00:00<00:05,  3.79it/s]
 13%|█▎        | 3/23 [00:00<00:04,  4.01it/s]
 17%|█▋        | 4/23 [00:01<00:04,  4.16it/s]
 22%|██▏       | 5/23 [00:01<00:04,  4.24it/s]
 26%|██▌       | 6/23 [00:01<00:03,  4.34it/s]
 30%|███       | 7/23 [00:01<00:03,  4.34it/s]
 35%|███▍      | 8/23 [00:01<00:03,  4.38it/s]
 39%|███▉      | 9/23 [00:02<00:03,  4.32it/s]
 43%|████▎     | 10/23 [00:02<00:02,  4.38it/s]
 48%|████▊     | 11/23 [00:02<00:02,  4.39it/s]
 52%|█████▏    | 12/23 [00:02<00:02,  4.39it/s]
 57%|█████▋    | 13/23 [00:03<00:02,  4.39it/s]
 61%|██████    | 14/23 [00:03<00:02,  4.39it/s]
 65%|██████▌   | 15/23 [00:03<00:01,  4.43it/s]
 70%|██████▉   | 16/23 [00:03<00:01,  4.41it/s]
 74%|███████▍  | 17/23 [00:03<00:01,  4.42it/s]
 78%|███████▊  | 18/23 [00:04<00:01,  4.41it/s]
 83%|████████▎ | 19/23 [00:04<00:00,  4.39it/s]
 87%|████████▋ | 20/23 [00:04<00:00,  4.36it/s]
 91%|█████████▏| 21/23 [00:04<00:00,  4.35it/s]
 96%|█████████▌| 22/23 [00:05<00:00,  4.37it/s]
100%|██████████| 23/23 [00:05<00:00,  5.20it/s]
                                               
    Severity 4: mIoU 59.02%

  0%|          | 0/23 [00:00<?, ?it/s]
  4%|▍         | 1/23 [00:00<00:07,  3.12it/s]
  9%|▊         | 2/23 [00:00<00:05,  3.79it/s]
 13%|█▎        | 3/23 [00:00<00:04,  4.00it/s]
 17%|█▋        | 4/23 [00:01<00:04,  4.16it/s]
 22%|██▏       | 5/23 [00:01<00:04,  4.24it/s]
 26%|██▌       | 6/23 [00:01<00:03,  4.34it/s]
 30%|███       | 7/23 [00:01<00:03,  4.35it/s]
 35%|███▍      | 8/23 [00:01<00:03,  4.37it/s]
 39%|███▉      | 9/23 [00:02<00:03,  4.31it/s]
 43%|████▎     | 10/23 [00:02<00:02,  4.37it/s]
 48%|████▊     | 11/23 [00:02<00:02,  4.39it/s]
 52%|█████▏    | 12/23 [00:02<00:02,  4.39it/s]
 57%|█████▋    | 13/23 [00:03<00:02,  4.39it/s]
 61%|██████    | 14/23 [00:03<00:02,  4.39it/s]
 65%|██████▌   | 15/23 [00:03<00:01,  4.43it/s]
 70%|██████▉   | 16/23 [00:03<00:01,  4.40it/s]
 74%|███████▍  | 17/23 [00:03<00:01,  4.41it/s]
 78%|███████▊  | 18/23 [00:04<00:01,  4.41it/s]
 83%|████████▎ | 19/23 [00:04<00:00,  4.39it/s]
 87%|████████▋ | 20/23 [00:04<00:00,  4.36it/s]
 91%|█████████▏| 21/23 [00:04<00:00,  4.35it/s]
 96%|█████████▌| 22/23 [00:05<00:00,  4.05it/s]
100%|██████████| 23/23 [00:05<00:00,  4.88it/s]
                                               
    Severity 5: mIoU 58.20%

======================================================================
PART SEGMENTATION STRESS TEST: ADD_GLOBAL
======================================================================
        Sev_0  Sev_1  Sev_2  Sev_3  Sev_4  Sev_5  Total_Drop
knnxyz  62.78  61.63  60.67  59.74  59.02   58.2        4.58
======================================================================
